// Jest Snapshot v1, https://goo.gl/fbAQLP

exports[`renders correctly 1`] = `
<div>
  <h1>
    Lunch Planner
  </h1>
  <p>
    This is our awesome Lunch Planer! 
    <br />
    Team 
    <b>
      It
    </b>
  </p>
  <div>
    <h3>
      Registered User Counter
    </h3>
    <p>
      Registered User: 
      <b>
        -
      </b>
    </p>
    <button
      onClick={[Function]}
    >
      Refresh
    </button>
  </div>
</div>
`;
